// Vitest Snapshot v1, https://vitest.dev/guide/snapshot.html

exports[`trackUserAction > has expected request body 1`] = `"{"pinwheel":{"event_name":"Event","attributes":{}}}"`;

exports[`trackUserAction > has expected response payload 1`] = `
{
  "pinwheel": {
    "attributes": {},
    "event_name": "Event",
  },
}
`;
