// Vitest Snapshot v1, https://vitest.dev/guide/snapshot.html

exports[`PinwheelIncomeDataAdapter > open > should call track user action 1`] = `
[
  "ApplicantSelectedEmployerOrPlatformItem",
  {
    "is_default_option": true,
    "item_id": "id",
    "item_name": "test-name",
    "item_type": "response-type",
    "locale": "en",
    "provider": "pinwheel",
  },
]
`;
